// Vitest Snapshot v1

exports[`HomeView > should mount 1`] = `
"<div class=\\"wrapper\\">
  <ul></ul><button type=\\"button\\" class=\\"reset-button-style\\"><img src=\\"/src/assets/images/add-row.svg\\" alt=\\"add another transcription\\"></button>
</div>"
`;
